Reusing configuration cache.
> Task :desktop:checkKotlinGradlePluginConfigurationErrors SKIPPED
> Task :innertube:processResources NO-SOURCE
> Task :desktop:generateComposeResClass SKIPPED
> Task :desktop:convertXmlValueResourcesForMain NO-SOURCE
> Task :common:generateExpectResourceCollectorsForCommonMain SKIPPED
> Task :common:generateComposeResClass SKIPPED
> Task :common:convertXmlValueResourcesForCommonMain NO-SOURCE
> Task :common:kmpPartiallyResolvedDependenciesChecker
> Task :common:copyNonXmlValueResourcesForCommonMain NO-SOURCE
> Task :common:checkKotlinGradlePluginConfigurationErrors SKIPPED
> Task :common:convertXmlValueResourcesForDesktopMain NO-SOURCE
> Task :common:copyNonXmlValueResourcesForDesktopMain NO-SOURCE
> Task :desktop:copyNonXmlValueResourcesForMain NO-SOURCE
> Task :innertube:checkKotlinGradlePluginConfigurationErrors SKIPPED
> Task :common:prepareComposeResourcesTaskForDesktopMain NO-SOURCE
> Task :common:prepareComposeResourcesTaskForCommonMain NO-SOURCE
> Task :common:generateResourceAccessorsForCommonMain SKIPPED
> Task :common:generateResourceAccessorsForDesktopMain SKIPPED
> Task :common:generateActualResourceCollectorsForDesktopMain SKIPPED
> Task :desktop:prepareComposeResourcesTaskForMain NO-SOURCE
> Task :desktop:generateResourceAccessorsForMain SKIPPED
> Task :common:assembleDesktopMainResources UP-TO-DATE
> Task :desktop:generateActualResourceCollectorsForMain SKIPPED
> Task :common:desktopProcessResources UP-TO-DATE
> Task :common:processDesktopMainResources SKIPPED
> Task :innertube:compileKotlin UP-TO-DATE
> Task :innertube:compileJava NO-SOURCE
> Task :innertube:classes UP-TO-DATE
> Task :innertube:jar UP-TO-DATE
> Task :common:compileKotlinDesktop UP-TO-DATE
> Task :common:compileDesktopMainJava NO-SOURCE
> Task :common:desktopMainClasses UP-TO-DATE
> Task :common:desktopJar UP-TO-DATE

> Task :desktop:compileKotlin FAILED
e: file:///C:/repos/Anitail/desktop/src/main/kotlin/com/anitail/desktop/ui/screen/SettingsScreen.kt:1176:54 Unresolved reference 'animateFloat'.
e: file:///C:/repos/Anitail/desktop/src/main/kotlin/com/anitail/desktop/ui/screen/SettingsScreen.kt:1179:37 Cannot infer type for type parameter 'T'. Specify it explicitly.
e: file:///C:/repos/Anitail/desktop/src/main/kotlin/com/anitail/desktop/ui/screen/SettingsScreen.kt:1180:37 Cannot infer type for type parameter 'T'. Specify it explicitly.
e: file:///C:/repos/Anitail/desktop/src/main/kotlin/com/anitail/desktop/ui/screen/SettingsScreen.kt:1237:33 Unresolved reference 'animateFloat'.
e: file:///C:/repos/Anitail/desktop/src/main/kotlin/com/anitail/desktop/ui/screen/SettingsScreen.kt:1240:25 Cannot infer type for type parameter 'T'. Specify it explicitly.
e: file:///C:/repos/Anitail/desktop/src/main/kotlin/com/anitail/desktop/ui/screen/SettingsScreen.kt:1241:13 Cannot infer type for type parameter 'T'. Specify it explicitly.

FAILURE: Build failed with an exception.

* What went wrong:
Execution failed for task ':desktop:compileKotlin'.
> A failure occurred while executing org.jetbrains.kotlin.compilerRunner.btapi.BuildToolsApiCompilationWork
   > Compilation error. See log for more details

* Try:
> Run with --stacktrace option to get the stack trace.
> Run with --info or --debug option to get more log output.
> Run with --scan to get full insights from a Build Scan (powered by Develocity).
> Get more help at https://help.gradle.org.

BUILD FAILED in 3s
8 actionable tasks: 2 executed, 6 up-to-date
Configuration cache entry reused.
